@northgate/iris-widget@1.9.4 /home/ubuntu/repos/northgate-iris-widget
├─┬ @angular-devkit/build-angular@14.2.13
│ ├─┬ @angular-devkit/architect@0.1402.13
│ │ └── rxjs@6.6.7
│ ├─┬ @angular-devkit/build-webpack@0.1402.13
│ │ └── rxjs@6.6.7
│ ├─┬ @angular-devkit/core@14.2.13
│ │ └── rxjs@6.6.7
│ ├─┬ @ngtools/webpack@14.2.13
│ │ └── typescript@4.7.4 deduped
│ ├─┬ inquirer@8.2.4
│ │ └── rxjs@7.5.7 deduped
│ ├── rxjs@6.6.7
│ └── typescript@4.7.4 deduped
├─┬ @angular-eslint/builder@14.4.0
│ └── typescript@4.7.4 deduped
├─┬ @angular-eslint/eslint-plugin-template@14.4.0
│ ├─┬ @angular-eslint/utils@14.4.0
│ │ └── typescript@4.7.4 deduped
│ └── typescript@4.7.4 deduped
├─┬ @angular-eslint/eslint-plugin@14.4.0
│ └── typescript@4.7.4 deduped
├─┬ @angular-eslint/template-parser@14.4.0
│ └── typescript@4.7.4 deduped
├─┬ @angular/animations@14.3.0
│ └── @angular/core@14.3.0 deduped
├─┬ @angular/cdk@14.2.7
│ ├── @angular/core@14.3.0 deduped
│ └── rxjs@7.5.7 deduped
├─┬ @angular/cli@14.2.13
│ └─┬ @angular-devkit/schematics@14.2.13
│   └── rxjs@6.6.7
├─┬ @angular/common@14.3.0
│ ├── @angular/core@14.3.0 deduped
│ └── rxjs@7.5.7 deduped
├─┬ @angular/compiler-cli@14.3.0
│ └── typescript@4.7.4 deduped
├─┬ @angular/compiler@14.3.0
│ └── @angular/core@14.3.0 deduped
├─┬ @angular/core@14.3.0
│ ├── rxjs@7.5.7 deduped
│ └── zone.js@0.11.8 deduped
├─┬ @angular/elements@14.3.0
│ ├── @angular/core@14.3.0 deduped
│ └── rxjs@7.5.7 deduped
├─┬ @angular/forms@14.3.0
│ ├── @angular/core@14.3.0 deduped
│ └── rxjs@7.5.7 deduped
├─┬ @angular/material@14.2.7
│ ├── @angular/core@14.3.0 deduped
│ └── rxjs@7.5.7 deduped
├─┬ @angular/platform-browser-dynamic@14.3.0
│ └── @angular/core@14.3.0 deduped
├─┬ @angular/platform-browser@14.3.0
│ └── @angular/core@14.3.0 deduped
├─┬ @northgate/canopy-ui@3.7.2
│ ├── @angular/core@14.3.0 deduped
│ └── rxjs@7.5.7 deduped
├─┬ @typescript-eslint/eslint-plugin@5.43.0
│ └─┬ tsutils@3.21.0
│   └── typescript@4.7.4 deduped
├─┬ ngx-build-plus@14.0.0
│ └── rxjs@7.5.7 deduped
├── rxjs@7.5.7
├── typescript@4.7.4
└── zone.js@0.11.8

